Archive member included to satisfy reference by file (symbol)

c:/program files (x86)/atmel/studio/7.0/toolchain/avr8/avr8-gnu-toolchain/bin/../lib/gcc/avr/4.9.2/avr5\libgcc.a(_exit.o)
                              C:/Program Files (x86)/Atmel/Studio/7.0/Packs/Atmel/ATmega_DFP/1.0.98/gcc/dev/atmega16/avr5/crtatmega16.o (exit)
c:/program files (x86)/atmel/studio/7.0/toolchain/avr8/avr8-gnu-toolchain/bin/../lib/gcc/avr/4.9.2/avr5\libgcc.a(_copy_data.o)
                              AttendSysMain.o (__do_copy_data)
c:/program files (x86)/atmel/studio/7.0/toolchain/avr8/avr8-gnu-toolchain/bin/../lib/gcc/avr/4.9.2/avr5\libgcc.a(_clear_bss.o)
                              AttendSysMain.o (__do_clear_bss)
c:/program files (x86)/atmel/studio/7.0/toolchain/avr8/avr8-gnu-toolchain/bin/../lib/gcc/avr/4.9.2/../../../../avr/lib/avr5\libc.a(strcpy_P.o)
                              AttendSysMain.o (strcpy_P)
c:/program files (x86)/atmel/studio/7.0/toolchain/avr8/avr8-gnu-toolchain/bin/../lib/gcc/avr/4.9.2/../../../../avr/lib/avr5\libc.a(itoa.o)
                              AttendSysMain.o (itoa)
c:/program files (x86)/atmel/studio/7.0/toolchain/avr8/avr8-gnu-toolchain/bin/../lib/gcc/avr/4.9.2/../../../../avr/lib/avr5\libc.a(itoa_ncheck.o)
                              c:/program files (x86)/atmel/studio/7.0/toolchain/avr8/avr8-gnu-toolchain/bin/../lib/gcc/avr/4.9.2/../../../../avr/lib/avr5\libc.a(itoa.o) (__itoa_ncheck)
c:/program files (x86)/atmel/studio/7.0/toolchain/avr8/avr8-gnu-toolchain/bin/../lib/gcc/avr/4.9.2/../../../../avr/lib/avr5\libc.a(utoa_ncheck.o)
                              c:/program files (x86)/atmel/studio/7.0/toolchain/avr8/avr8-gnu-toolchain/bin/../lib/gcc/avr/4.9.2/../../../../avr/lib/avr5\libc.a(itoa_ncheck.o) (__utoa_common)
c:/program files (x86)/atmel/studio/7.0/toolchain/avr8/avr8-gnu-toolchain/bin/../lib/gcc/avr/4.9.2/../../../../avr/lib/avr5\libc.a(strrev.o)
                              c:/program files (x86)/atmel/studio/7.0/toolchain/avr8/avr8-gnu-toolchain/bin/../lib/gcc/avr/4.9.2/../../../../avr/lib/avr5\libc.a(utoa_ncheck.o) (strrev)

Allocating common symbols
Common symbol       size              file

returnedValue       0x1               PSFunctions.o
UDR_Value           0x1               AttendSysMain.o
buffer              0x1e              PSFunctions.o
UDR_ValueFinal      0x1               PSFunctions.o

Discarded input sections

 .data          0x00000000        0x0 C:/Program Files (x86)/Atmel/Studio/7.0/Packs/Atmel/ATmega_DFP/1.0.98/gcc/dev/atmega16/avr5/crtatmega16.o
 .bss           0x00000000        0x0 C:/Program Files (x86)/Atmel/Studio/7.0/Packs/Atmel/ATmega_DFP/1.0.98/gcc/dev/atmega16/avr5/crtatmega16.o
 .text          0x00000000        0x0 AttendSysMain.o
 .data          0x00000000        0x0 AttendSysMain.o
 .bss           0x00000000        0x0 AttendSysMain.o
 COMMON         0x00000000        0x1 AttendSysMain.o
 .text          0x00000000        0x0 lcd_CodeFile.o
 .data          0x00000000        0x0 lcd_CodeFile.o
 .bss           0x00000000        0x0 lcd_CodeFile.o
 .text.Short_Delay
                0x00000000        0x2 lcd_CodeFile.o
 .text          0x00000000        0x0 PortInit.o
 .data          0x00000000        0x0 PortInit.o
 .bss           0x00000000        0x0 PortInit.o
 .text.FlashLED
                0x00000000       0x16 PortInit.o
 .text          0x00000000        0x0 PSFunctions.o
 .data          0x00000000        0x0 PSFunctions.o
 .bss           0x00000000        0x0 PSFunctions.o
 .text.PSSearchForAFingerB2
                0x00000000      0x17c PSFunctions.o
 .text.PSEmptyFPLib
                0x00000000       0xf0 PSFunctions.o
 .text.PSUpImageFile
                0x00000000      0x106 PSFunctions.o
 .data.PSUpImageCommands
                0x00000000        0xc PSFunctions.o
 .data.PSVrfPassCommands
                0x00000000       0x10 PSFunctions.o
 .bss.i         0x00000000        0x1 PSFunctions.o
 .text          0x00000000        0x0 usart.o
 .data          0x00000000        0x0 usart.o
 .bss           0x00000000        0x0 usart.o
 .text.USART_Transmit_String
                0x00000000       0x1e usart.o
 .text.USART_Transmit_String_p
                0x00000000       0x24 usart.o
 .text          0x00000000        0x0 c:/program files (x86)/atmel/studio/7.0/toolchain/avr8/avr8-gnu-toolchain/bin/../lib/gcc/avr/4.9.2/avr5\libgcc.a(_exit.o)
 .data          0x00000000        0x0 c:/program files (x86)/atmel/studio/7.0/toolchain/avr8/avr8-gnu-toolchain/bin/../lib/gcc/avr/4.9.2/avr5\libgcc.a(_exit.o)
 .bss           0x00000000        0x0 c:/program files (x86)/atmel/studio/7.0/toolchain/avr8/avr8-gnu-toolchain/bin/../lib/gcc/avr/4.9.2/avr5\libgcc.a(_exit.o)
 .text.libgcc.mul
                0x00000000        0x0 c:/program files (x86)/atmel/studio/7.0/toolchain/avr8/avr8-gnu-toolchain/bin/../lib/gcc/avr/4.9.2/avr5\libgcc.a(_exit.o)
 .text.libgcc.div
                0x00000000        0x0 c:/program files (x86)/atmel/studio/7.0/toolchain/avr8/avr8-gnu-toolchain/bin/../lib/gcc/avr/4.9.2/avr5\libgcc.a(_exit.o)
 .text.libgcc   0x00000000        0x0 c:/program files (x86)/atmel/studio/7.0/toolchain/avr8/avr8-gnu-toolchain/bin/../lib/gcc/avr/4.9.2/avr5\libgcc.a(_exit.o)
 .text.libgcc.prologue
                0x00000000        0x0 c:/program files (x86)/atmel/studio/7.0/toolchain/avr8/avr8-gnu-toolchain/bin/../lib/gcc/avr/4.9.2/avr5\libgcc.a(_exit.o)
 .text.libgcc.builtins
                0x00000000        0x0 c:/program files (x86)/atmel/studio/7.0/toolchain/avr8/avr8-gnu-toolchain/bin/../lib/gcc/avr/4.9.2/avr5\libgcc.a(_exit.o)
 .text.libgcc.fmul
                0x00000000        0x0 c:/program files (x86)/atmel/studio/7.0/toolchain/avr8/avr8-gnu-toolchain/bin/../lib/gcc/avr/4.9.2/avr5\libgcc.a(_exit.o)
 .text.libgcc.fixed
                0x00000000        0x0 c:/program files (x86)/atmel/studio/7.0/toolchain/avr8/avr8-gnu-toolchain/bin/../lib/gcc/avr/4.9.2/avr5\libgcc.a(_exit.o)
 .text          0x00000000        0x0 c:/program files (x86)/atmel/studio/7.0/toolchain/avr8/avr8-gnu-toolchain/bin/../lib/gcc/avr/4.9.2/avr5\libgcc.a(_copy_data.o)
 .data          0x00000000        0x0 c:/program files (x86)/atmel/studio/7.0/toolchain/avr8/avr8-gnu-toolchain/bin/../lib/gcc/avr/4.9.2/avr5\libgcc.a(_copy_data.o)
 .bss           0x00000000        0x0 c:/program files (x86)/atmel/studio/7.0/toolchain/avr8/avr8-gnu-toolchain/bin/../lib/gcc/avr/4.9.2/avr5\libgcc.a(_copy_data.o)
 .text.libgcc.mul
                0x00000000        0x0 c:/program files (x86)/atmel/studio/7.0/toolchain/avr8/avr8-gnu-toolchain/bin/../lib/gcc/avr/4.9.2/avr5\libgcc.a(_copy_data.o)
 .text.libgcc.div
                0x00000000        0x0 c:/program files (x86)/atmel/studio/7.0/toolchain/avr8/avr8-gnu-toolchain/bin/../lib/gcc/avr/4.9.2/avr5\libgcc.a(_copy_data.o)
 .text.libgcc   0x00000000        0x0 c:/program files (x86)/atmel/studio/7.0/toolchain/avr8/avr8-gnu-toolchain/bin/../lib/gcc/avr/4.9.2/avr5\libgcc.a(_copy_data.o)
 .text.libgcc.prologue
                0x00000000        0x0 c:/program files (x86)/atmel/studio/7.0/toolchain/avr8/avr8-gnu-toolchain/bin/../lib/gcc/avr/4.9.2/avr5\libgcc.a(_copy_data.o)
 .text.libgcc.builtins
                0x00000000        0x0 c:/program files (x86)/atmel/studio/7.0/toolchain/avr8/avr8-gnu-toolchain/bin/../lib/gcc/avr/4.9.2/avr5\libgcc.a(_copy_data.o)
 .text.libgcc.fmul
                0x00000000        0x0 c:/program files (x86)/atmel/studio/7.0/toolchain/avr8/avr8-gnu-toolchain/bin/../lib/gcc/avr/4.9.2/avr5\libgcc.a(_copy_data.o)
 .text.libgcc.fixed
                0x00000000        0x0 c:/program files (x86)/atmel/studio/7.0/toolchain/avr8/avr8-gnu-toolchain/bin/../lib/gcc/avr/4.9.2/avr5\libgcc.a(_copy_data.o)
 .text          0x00000000        0x0 c:/program files (x86)/atmel/studio/7.0/toolchain/avr8/avr8-gnu-toolchain/bin/../lib/gcc/avr/4.9.2/avr5\libgcc.a(_clear_bss.o)
 .data          0x00000000        0x0 c:/program files (x86)/atmel/studio/7.0/toolchain/avr8/avr8-gnu-toolchain/bin/../lib/gcc/avr/4.9.2/avr5\libgcc.a(_clear_bss.o)
 .bss           0x00000000        0x0 c:/program files (x86)/atmel/studio/7.0/toolchain/avr8/avr8-gnu-toolchain/bin/../lib/gcc/avr/4.9.2/avr5\libgcc.a(_clear_bss.o)
 .text.libgcc.mul
                0x00000000        0x0 c:/program files (x86)/atmel/studio/7.0/toolchain/avr8/avr8-gnu-toolchain/bin/../lib/gcc/avr/4.9.2/avr5\libgcc.a(_clear_bss.o)
 .text.libgcc.div
                0x00000000        0x0 c:/program files (x86)/atmel/studio/7.0/toolchain/avr8/avr8-gnu-toolchain/bin/../lib/gcc/avr/4.9.2/avr5\libgcc.a(_clear_bss.o)
 .text.libgcc   0x00000000        0x0 c:/program files (x86)/atmel/studio/7.0/toolchain/avr8/avr8-gnu-toolchain/bin/../lib/gcc/avr/4.9.2/avr5\libgcc.a(_clear_bss.o)
 .text.libgcc.prologue
                0x00000000        0x0 c:/program files (x86)/atmel/studio/7.0/toolchain/avr8/avr8-gnu-toolchain/bin/../lib/gcc/avr/4.9.2/avr5\libgcc.a(_clear_bss.o)
 .text.libgcc.builtins
                0x00000000        0x0 c:/program files (x86)/atmel/studio/7.0/toolchain/avr8/avr8-gnu-toolchain/bin/../lib/gcc/avr/4.9.2/avr5\libgcc.a(_clear_bss.o)
 .text.libgcc.fmul
                0x00000000        0x0 c:/program files (x86)/atmel/studio/7.0/toolchain/avr8/avr8-gnu-toolchain/bin/../lib/gcc/avr/4.9.2/avr5\libgcc.a(_clear_bss.o)
 .text.libgcc.fixed
                0x00000000        0x0 c:/program files (x86)/atmel/studio/7.0/toolchain/avr8/avr8-gnu-toolchain/bin/../lib/gcc/avr/4.9.2/avr5\libgcc.a(_clear_bss.o)
 .text          0x00000000        0x0 c:/program files (x86)/atmel/studio/7.0/toolchain/avr8/avr8-gnu-toolchain/bin/../lib/gcc/avr/4.9.2/../../../../avr/lib/avr5\libc.a(strcpy_P.o)
 .data          0x00000000        0x0 c:/program files (x86)/atmel/studio/7.0/toolchain/avr8/avr8-gnu-toolchain/bin/../lib/gcc/avr/4.9.2/../../../../avr/lib/avr5\libc.a(strcpy_P.o)
 .bss           0x00000000        0x0 c:/program files (x86)/atmel/studio/7.0/toolchain/avr8/avr8-gnu-toolchain/bin/../lib/gcc/avr/4.9.2/../../../../avr/lib/avr5\libc.a(strcpy_P.o)
 .text          0x00000000        0x0 c:/program files (x86)/atmel/studio/7.0/toolchain/avr8/avr8-gnu-toolchain/bin/../lib/gcc/avr/4.9.2/../../../../avr/lib/avr5\libc.a(itoa.o)
 .data          0x00000000        0x0 c:/program files (x86)/atmel/studio/7.0/toolchain/avr8/avr8-gnu-toolchain/bin/../lib/gcc/avr/4.9.2/../../../../avr/lib/avr5\libc.a(itoa.o)
 .bss           0x00000000        0x0 c:/program files (x86)/atmel/studio/7.0/toolchain/avr8/avr8-gnu-toolchain/bin/../lib/gcc/avr/4.9.2/../../../../avr/lib/avr5\libc.a(itoa.o)
 .text          0x00000000        0x0 c:/program files (x86)/atmel/studio/7.0/toolchain/avr8/avr8-gnu-toolchain/bin/../lib/gcc/avr/4.9.2/../../../../avr/lib/avr5\libc.a(itoa_ncheck.o)
 .data          0x00000000        0x0 c:/program files (x86)/atmel/studio/7.0/toolchain/avr8/avr8-gnu-toolchain/bin/../lib/gcc/avr/4.9.2/../../../../avr/lib/avr5\libc.a(itoa_ncheck.o)
 .bss           0x00000000        0x0 c:/program files (x86)/atmel/studio/7.0/toolchain/avr8/avr8-gnu-toolchain/bin/../lib/gcc/avr/4.9.2/../../../../avr/lib/avr5\libc.a(itoa_ncheck.o)
 .text          0x00000000        0x0 c:/program files (x86)/atmel/studio/7.0/toolchain/avr8/avr8-gnu-toolchain/bin/../lib/gcc/avr/4.9.2/../../../../avr/lib/avr5\libc.a(utoa_ncheck.o)
 .data          0x00000000        0x0 c:/program files (x86)/atmel/studio/7.0/toolchain/avr8/avr8-gnu-toolchain/bin/../lib/gcc/avr/4.9.2/../../../../avr/lib/avr5\libc.a(utoa_ncheck.o)
 .bss           0x00000000        0x0 c:/program files (x86)/atmel/studio/7.0/toolchain/avr8/avr8-gnu-toolchain/bin/../lib/gcc/avr/4.9.2/../../../../avr/lib/avr5\libc.a(utoa_ncheck.o)
 .text          0x00000000        0x0 c:/program files (x86)/atmel/studio/7.0/toolchain/avr8/avr8-gnu-toolchain/bin/../lib/gcc/avr/4.9.2/../../../../avr/lib/avr5\libc.a(strrev.o)
 .data          0x00000000        0x0 c:/program files (x86)/atmel/studio/7.0/toolchain/avr8/avr8-gnu-toolchain/bin/../lib/gcc/avr/4.9.2/../../../../avr/lib/avr5\libc.a(strrev.o)
 .bss           0x00000000        0x0 c:/program files (x86)/atmel/studio/7.0/toolchain/avr8/avr8-gnu-toolchain/bin/../lib/gcc/avr/4.9.2/../../../../avr/lib/avr5\libc.a(strrev.o)

Memory Configuration

Name             Origin             Length             Attributes
text             0x00000000         0x00020000         xr
data             0x00800060         0x0000ffa0         rw !x
eeprom           0x00810000         0x00010000         rw !x
fuse             0x00820000         0x00000400         rw !x
lock             0x00830000         0x00000400         rw !x
signature        0x00840000         0x00000400         rw !x
user_signatures  0x00850000         0x00000400         rw !x
*default*        0x00000000         0xffffffff

Linker script and memory map

LOAD C:/Program Files (x86)/Atmel/Studio/7.0/Packs/Atmel/ATmega_DFP/1.0.98/gcc/dev/atmega16/avr5/crtatmega16.o
LOAD AttendSysMain.o
LOAD lcd_CodeFile.o
LOAD PortInit.o
LOAD PSFunctions.o
LOAD usart.o
START GROUP
LOAD c:/program files (x86)/atmel/studio/7.0/toolchain/avr8/avr8-gnu-toolchain/bin/../lib/gcc/avr/4.9.2/../../../../avr/lib/avr5\libm.a
END GROUP
START GROUP
LOAD c:/program files (x86)/atmel/studio/7.0/toolchain/avr8/avr8-gnu-toolchain/bin/../lib/gcc/avr/4.9.2/avr5\libgcc.a
LOAD c:/program files (x86)/atmel/studio/7.0/toolchain/avr8/avr8-gnu-toolchain/bin/../lib/gcc/avr/4.9.2/../../../../avr/lib/avr5\libm.a
LOAD c:/program files (x86)/atmel/studio/7.0/toolchain/avr8/avr8-gnu-toolchain/bin/../lib/gcc/avr/4.9.2/../../../../avr/lib/avr5\libc.a
LOAD C:/Program Files (x86)/Atmel/Studio/7.0/Packs/Atmel/ATmega_DFP/1.0.98/gcc/dev/atmega16/avr5\libatmega16.a
END GROUP

.hash
 *(.hash)

.dynsym
 *(.dynsym)

.dynstr
 *(.dynstr)

.gnu.version
 *(.gnu.version)

.gnu.version_d
 *(.gnu.version_d)

.gnu.version_r
 *(.gnu.version_r)

.rel.init
 *(.rel.init)

.rela.init
 *(.rela.init)

.rel.text
 *(.rel.text)
 *(.rel.text.*)
 *(.rel.gnu.linkonce.t*)

.rela.text
 *(.rela.text)
 *(.rela.text.*)
 *(.rela.gnu.linkonce.t*)

.rel.fini
 *(.rel.fini)

.rela.fini
 *(.rela.fini)

.rel.rodata
 *(.rel.rodata)
 *(.rel.rodata.*)
 *(.rel.gnu.linkonce.r*)

.rela.rodata
 *(.rela.rodata)
 *(.rela.rodata.*)
 *(.rela.gnu.linkonce.r*)

.rel.data
 *(.rel.data)
 *(.rel.data.*)
 *(.rel.gnu.linkonce.d*)

.rela.data
 *(.rela.data)
 *(.rela.data.*)
 *(.rela.gnu.linkonce.d*)

.rel.ctors
 *(.rel.ctors)

.rela.ctors
 *(.rela.ctors)

.rel.dtors
 *(.rel.dtors)

.rela.dtors
 *(.rela.dtors)

.rel.got
 *(.rel.got)

.rela.got
 *(.rela.got)

.rel.bss
 *(.rel.bss)

.rela.bss
 *(.rela.bss)

.rel.plt
 *(.rel.plt)

.rela.plt
 *(.rela.plt)

.text           0x00000000     0x1798
 *(.vectors)
 .vectors       0x00000000       0x54 C:/Program Files (x86)/Atmel/Studio/7.0/Packs/Atmel/ATmega_DFP/1.0.98/gcc/dev/atmega16/avr5/crtatmega16.o
                0x00000000                __vector_default
                0x00000000                __vectors
 *(.vectors)
 *(.progmem.gcc*)
                0x00000054                . = ALIGN (0x2)
                0x00000054                __trampolines_start = .
 *(.trampolines)
 .trampolines   0x00000054        0x0 linker stubs
 *(.trampolines*)
                0x00000054                __trampolines_end = .
 *(.progmem*)
 .progmem.data.string_table
                0x00000054        0x6 AttendSysMain.o
                0x00000054                string_table
 .progmem.data.statusMsg1
                0x0000005a       0x21 AttendSysMain.o
                0x0000005a                statusMsg1
 .progmem.data.statusMsg
                0x0000007b       0x21 AttendSysMain.o
                0x0000007b                statusMsg
 .progmem.data.initMsg
                0x0000009c       0x1d AttendSysMain.o
                0x0000009c                initMsg
 .progmem.data.string_response_table
                0x000000b9       0x32 PSFunctions.o
                0x000000b9                string_response_table
 .progmem.data.errorMsg7
                0x000000eb       0x1e PSFunctions.o
                0x000000eb                errorMsg7
 .progmem.data.errorMsg6
                0x00000109       0x1c PSFunctions.o
                0x00000109                errorMsg6
 .progmem.data.rspMsg12
                0x00000125       0x1c PSFunctions.o
                0x00000125                rspMsg12
 .progmem.data.rspMsg11
                0x00000141       0x11 PSFunctions.o
                0x00000141                rspMsg11
 .progmem.data.rspMsg10
                0x00000152        0xd PSFunctions.o
                0x00000152                rspMsg10
 .progmem.data.rspMsg9
                0x0000015f       0x17 PSFunctions.o
                0x0000015f                rspMsg9
 .progmem.data.rspMsg7
                0x00000176       0x12 PSFunctions.o
                0x00000176                rspMsg7
 .progmem.data.rspMsg6
                0x00000188       0x19 PSFunctions.o
                0x00000188                rspMsg6
 .progmem.data.rspMsg5
                0x000001a1       0x19 PSFunctions.o
                0x000001a1                rspMsg5
 .progmem.data.errorMsg5
                0x000001ba       0x19 PSFunctions.o
                0x000001ba                errorMsg5
 .progmem.data.rspMsg4
                0x000001d3       0x15 PSFunctions.o
                0x000001d3                rspMsg4
 .progmem.data.rspMsg3
                0x000001e8        0xa PSFunctions.o
                0x000001e8                rspMsg3
 .progmem.data.errorMsg4
                0x000001f2       0x16 PSFunctions.o
                0x000001f2                errorMsg4
 .progmem.data.rspMsg2
                0x00000208       0x1f PSFunctions.o
                0x00000208                rspMsg2
 .progmem.data.rspMsg8
                0x00000227        0xb PSFunctions.o
                0x00000227                rspMsg8
 .progmem.data.rspMsg1
                0x00000232        0xc PSFunctions.o
                0x00000232                rspMsg1
 .progmem.data.rspMsg
                0x0000023e       0x11 PSFunctions.o
                0x0000023e                rspMsg
 .progmem.data.errorMsg3
                0x0000024f       0x28 PSFunctions.o
                0x0000024f                errorMsg3
 .progmem.data.errorMsg2
                0x00000277       0x30 PSFunctions.o
                0x00000277                errorMsg2
 .progmem.data.errorMsg1
                0x000002a7       0x2e PSFunctions.o
                0x000002a7                errorMsg1
 .progmem.data.errorMsg
                0x000002d5       0x1d PSFunctions.o
                0x000002d5                errorMsg
 .progmem.data.scanned
                0x000002f2       0x11 PSFunctions.o
                0x000002f2                scanned
 .progmem.data.tapYourFinger
                0x00000303       0x25 PSFunctions.o
                0x00000303                tapYourFinger
 .progmem.data.noReturnedVal
                0x00000328       0x12 PSFunctions.o
                0x00000328                noReturnedVal
 .progmem.data.portIsReady
                0x0000033a       0x1a PSFunctions.o
                0x0000033a                portIsReady
                0x00000354                . = ALIGN (0x2)
 *(.jumptables)
 *(.jumptables*)
 *(.lowtext)
 *(.lowtext*)
                0x00000354                __ctors_start = .
 *(.ctors)
                0x00000354                __ctors_end = .
                0x00000354                __dtors_start = .
 *(.dtors)
                0x00000354                __dtors_end = .
 SORT(*)(.ctors)
 SORT(*)(.dtors)
 *(.init0)
 .init0         0x00000354        0x0 C:/Program Files (x86)/Atmel/Studio/7.0/Packs/Atmel/ATmega_DFP/1.0.98/gcc/dev/atmega16/avr5/crtatmega16.o
                0x00000354                __init
 *(.init0)
 *(.init1)
 *(.init1)
 *(.init2)
 .init2         0x00000354        0xc C:/Program Files (x86)/Atmel/Studio/7.0/Packs/Atmel/ATmega_DFP/1.0.98/gcc/dev/atmega16/avr5/crtatmega16.o
 *(.init2)
 *(.init3)
 *(.init3)
 *(.init4)
 .init4         0x00000360       0x16 c:/program files (x86)/atmel/studio/7.0/toolchain/avr8/avr8-gnu-toolchain/bin/../lib/gcc/avr/4.9.2/avr5\libgcc.a(_copy_data.o)
                0x00000360                __do_copy_data
 .init4         0x00000376       0x10 c:/program files (x86)/atmel/studio/7.0/toolchain/avr8/avr8-gnu-toolchain/bin/../lib/gcc/avr/4.9.2/avr5\libgcc.a(_clear_bss.o)
                0x00000376                __do_clear_bss
 *(.init4)
 *(.init5)
 *(.init5)
 *(.init6)
 *(.init6)
 *(.init7)
 *(.init7)
 *(.init8)
 *(.init8)
 *(.init9)
 .init9         0x00000386        0x8 C:/Program Files (x86)/Atmel/Studio/7.0/Packs/Atmel/ATmega_DFP/1.0.98/gcc/dev/atmega16/avr5/crtatmega16.o
 *(.init9)
 *(.text)
 .text          0x0000038e        0x4 C:/Program Files (x86)/Atmel/Studio/7.0/Packs/Atmel/ATmega_DFP/1.0.98/gcc/dev/atmega16/avr5/crtatmega16.o
                0x0000038e                __vector_1
                0x0000038e                __bad_interrupt
                0x0000038e                __vector_6
                0x0000038e                __vector_3
                0x0000038e                __vector_13
                0x0000038e                __vector_17
                0x0000038e                __vector_19
                0x0000038e                __vector_7
                0x0000038e                __vector_5
                0x0000038e                __vector_4
                0x0000038e                __vector_9
                0x0000038e                __vector_2
                0x0000038e                __vector_15
                0x0000038e                __vector_8
                0x0000038e                __vector_14
                0x0000038e                __vector_10
                0x0000038e                __vector_16
                0x0000038e                __vector_18
                0x0000038e                __vector_20
                0x00000392                . = ALIGN (0x2)
 *(.text.*)
 .text.main     0x00000392      0x1f8 AttendSysMain.o
                0x00000392                main
 .text.delay_ms
                0x0000058a       0x22 lcd_CodeFile.o
                0x0000058a                delay_ms
 .text.Strobe   0x000005ac        0xe lcd_CodeFile.o
                0x000005ac                Strobe
 .text.Unpack_To_PortB
                0x000005ba       0x30 lcd_CodeFile.o
                0x000005ba                Unpack_To_PortB
 .text.LCD_Display
                0x000005ea       0x26 lcd_CodeFile.o
                0x000005ea                LCD_Display
 .text.Clear_Display
                0x00000610       0x1a lcd_CodeFile.o
                0x00000610                Clear_Display
 .text.LCDinit  0x0000062a       0x38 lcd_CodeFile.o
                0x0000062a                LCDinit
 .text.OpenPortToPC
                0x00000662       0x14 PortInit.o
                0x00000662                OpenPortToPC
 .text.OpenPortToFP
                0x00000676       0x10 PortInit.o
                0x00000676                OpenPortToFP
 .text.PortInit
                0x00000686       0x20 PortInit.o
                0x00000686                PortInit
 .text.PSTurnOnPortCom
                0x000006a6       0xdc PSFunctions.o
                0x000006a6                PSTurnOnPortCom
 .text.PSGeneCharFileForBuffer1
                0x00000782      0x122 PSFunctions.o
                0x00000782                PSGeneCharFileForBuffer1
 .text.PSRegisterFingerOne
                0x000008a4      0x138 PSFunctions.o
                0x000008a4                PSRegisterFingerOne
 .text.PSGeneCharFileForBuffer2
                0x000009dc      0x12a PSFunctions.o
                0x000009dc                PSGeneCharFileForBuffer2
 .text.PSRegisterFingerTwo
                0x00000b06      0x112 PSFunctions.o
                0x00000b06                PSRegisterFingerTwo
 .text.PSStoreCharFile
                0x00000c18      0x19e PSFunctions.o
                0x00000c18                PSStoreCharFile
 .text.PSCombineTwoCharFile
                0x00000db6       0xf8 PSFunctions.o
                0x00000db6                PSCombineTwoCharFile
 .text.PSMatchTwoBuffer
                0x00000eae      0x11a PSFunctions.o
                0x00000eae                PSMatchTwoBuffer
 .text.PSSearchForAFingerB1
                0x00000fc8      0x180 PSFunctions.o
                0x00000fc8                PSSearchForAFingerB1
 .text.PSTempleteNum
                0x00001148      0x146 PSFunctions.o
                0x00001148                PSTempleteNum
 .text.PSUpCharFile
                0x0000128e      0x11a PSFunctions.o
                0x0000128e                PSUpCharFile
 .text.PSLoadChar
                0x000013a8      0x122 PSFunctions.o
                0x000013a8                PSLoadChar
 .text.PSDownChar
                0x000014ca      0x112 PSFunctions.o
                0x000014ca                PSDownChar
 .text.PSDownLoadData
                0x000015dc       0x12 PSFunctions.o
                0x000015dc                PSDownLoadData
 .text.__vector_11
                0x000015ee       0x58 usart.o
                0x000015ee                __vector_11
 .text.__vector_12
                0x00001646       0x4a usart.o
                0x00001646                __vector_12
 .text.USART_Init
                0x00001690       0x28 usart.o
                0x00001690                USART_Init
 .text.USART_Receive
                0x000016b8       0x2c usart.o
                0x000016b8                USART_Receive
 .text.USART_Transmit
                0x000016e4       0x22 usart.o
                0x000016e4                USART_Transmit
 .text.avr-libc
                0x00001706        0xe c:/program files (x86)/atmel/studio/7.0/toolchain/avr8/avr8-gnu-toolchain/bin/../lib/gcc/avr/4.9.2/../../../../avr/lib/avr5\libc.a(strcpy_P.o)
                0x00001706                strcpy_P
 .text.avr-libc
                0x00001714       0x16 c:/program files (x86)/atmel/studio/7.0/toolchain/avr8/avr8-gnu-toolchain/bin/../lib/gcc/avr/4.9.2/../../../../avr/lib/avr5\libc.a(itoa.o)
                0x00001714                __itoa
                0x00001714                itoa
 .text.avr-libc
                0x0000172a       0x16 c:/program files (x86)/atmel/studio/7.0/toolchain/avr8/avr8-gnu-toolchain/bin/../lib/gcc/avr/4.9.2/../../../../avr/lib/avr5\libc.a(itoa_ncheck.o)
                0x0000172a                __itoa_ncheck
 .text.avr-libc
                0x00001740       0x34 c:/program files (x86)/atmel/studio/7.0/toolchain/avr8/avr8-gnu-toolchain/bin/../lib/gcc/avr/4.9.2/../../../../avr/lib/avr5\libc.a(utoa_ncheck.o)
                0x00001740                __utoa_ncheck
                0x00001742                __utoa_common
 .text.avr-libc
                0x00001774       0x20 c:/program files (x86)/atmel/studio/7.0/toolchain/avr8/avr8-gnu-toolchain/bin/../lib/gcc/avr/4.9.2/../../../../avr/lib/avr5\libc.a(strrev.o)
                0x00001774                strrev
                0x00001794                . = ALIGN (0x2)
 *(.fini9)
 .fini9         0x00001794        0x0 c:/program files (x86)/atmel/studio/7.0/toolchain/avr8/avr8-gnu-toolchain/bin/../lib/gcc/avr/4.9.2/avr5\libgcc.a(_exit.o)
                0x00001794                _exit
                0x00001794                exit
 *(.fini9)
 *(.fini8)
 *(.fini8)
 *(.fini7)
 *(.fini7)
 *(.fini6)
 *(.fini6)
 *(.fini5)
 *(.fini5)
 *(.fini4)
 *(.fini4)
 *(.fini3)
 *(.fini3)
 *(.fini2)
 *(.fini2)
 *(.fini1)
 *(.fini1)
 *(.fini0)
 .fini0         0x00001794        0x4 c:/program files (x86)/atmel/studio/7.0/toolchain/avr8/avr8-gnu-toolchain/bin/../lib/gcc/avr/4.9.2/avr5\libgcc.a(_exit.o)
 *(.fini0)
                0x00001798                _etext = .

.data           0x00800060       0x64 load address 0x00001798
                0x00800060                PROVIDE (__data_start, .)
 *(.data)
 *(.data*)
 .data.PSUpCharCommands
                0x00800060        0xd PSFunctions.o
                0x00800060                PSUpCharCommands
 .data.PSCombineTwoCharFileCommands
                0x0080006d        0xc PSFunctions.o
                0x0080006d                PSCombineTwoCharFileCommands
 .data.PSGeneCharFileCommands_2
                0x00800079        0xd PSFunctions.o
                0x00800079                PSGeneCharFileCommands_2
 .data.PSGeneCharFileCommands_1
                0x00800086        0xd PSFunctions.o
                0x00800086                PSGeneCharFileCommands_1
 .data.PSTurnOnPortCommands
                0x00800093        0xd PSFunctions.o
                0x00800093                PSTurnOnPortCommands
 .data.PSRegFigureCommands
                0x008000a0        0xc PSFunctions.o
                0x008000a0                PSRegFigureCommands
 *(.rodata)
 *(.rodata*)
 .rodata.str1.1
                0x008000ac       0x18 AttendSysMain.o
 *(.gnu.linkonce.d*)
                0x008000c4                . = ALIGN (0x2)
                0x008000c4                _edata = .
                0x008000c4                PROVIDE (__data_end, .)

.bss            0x008000c4      0x128
                0x008000c4                PROVIDE (__bss_start, .)
 *(.bss)
 *(.bss*)
 .bss.match     0x008000c4        0x1 PSFunctions.o
                0x008000c4                match
 .bss.count     0x008000c5        0x1 PSFunctions.o
                0x008000c5                count
 .bss.fingerTapped
                0x008000c6        0x1 PSFunctions.o
                0x008000c6                fingerTapped
 .bss.UART_LastRxError
                0x008000c7        0x1 usart.o
 .bss.UART_RxTail
                0x008000c8        0x1 usart.o
 .bss.UART_RxHead
                0x008000c9        0x1 usart.o
 .bss.UART_TxTail
                0x008000ca        0x1 usart.o
 .bss.UART_TxHead
                0x008000cb        0x1 usart.o
 .bss.UART_RxBuf
                0x008000cc       0x80 usart.o
 .bss.UART_TxBuf
                0x0080014c       0x80 usart.o
 *(COMMON)
 COMMON         0x008001cc       0x20 PSFunctions.o
                0x008001cc                returnedValue
                0x008001cd                buffer
                0x008001eb                UDR_ValueFinal
                0x008001ec                PROVIDE (__bss_end, .)
                0x00001798                __data_load_start = LOADADDR (.data)
                0x000017fc                __data_load_end = (__data_load_start + SIZEOF (.data))

.noinit         0x008001ec        0x0
                0x008001ec                PROVIDE (__noinit_start, .)
 *(.noinit*)
                0x008001ec                PROVIDE (__noinit_end, .)
                0x008001ec                _end = .
                0x008001ec                PROVIDE (__heap_start, .)

.eeprom         0x00810000        0x0
 *(.eeprom*)
                0x00810000                __eeprom_end = .

.fuse
 *(.fuse)
 *(.lfuse)
 *(.hfuse)
 *(.efuse)

.lock
 *(.lock*)

.signature
 *(.signature*)

.user_signatures
 *(.user_signatures*)

.stab
 *(.stab)

.stabstr
 *(.stabstr)

.stab.excl
 *(.stab.excl)

.stab.exclstr
 *(.stab.exclstr)

.stab.index
 *(.stab.index)

.stab.indexstr
 *(.stab.indexstr)

.comment        0x00000000       0x30
 *(.comment)
 .comment       0x00000000       0x30 AttendSysMain.o
                                 0x31 (size before relaxing)
 .comment       0x00000030       0x31 lcd_CodeFile.o
 .comment       0x00000030       0x31 PortInit.o
 .comment       0x00000030       0x31 PSFunctions.o
 .comment       0x00000030       0x31 usart.o

.note.gnu.avr.deviceinfo
                0x00000000       0x3c
 .note.gnu.avr.deviceinfo
                0x00000000       0x3c C:/Program Files (x86)/Atmel/Studio/7.0/Packs/Atmel/ATmega_DFP/1.0.98/gcc/dev/atmega16/avr5/crtatmega16.o

.note.gnu.build-id
 *(.note.gnu.build-id)

.debug
 *(.debug)

.line
 *(.line)

.debug_srcinfo
 *(.debug_srcinfo)

.debug_sfnames
 *(.debug_sfnames)

.debug_aranges  0x00000000      0x198
 *(.debug_aranges)
 .debug_aranges
                0x00000000       0x20 AttendSysMain.o
 .debug_aranges
                0x00000020       0x50 lcd_CodeFile.o
 .debug_aranges
                0x00000070       0x38 PortInit.o
 .debug_aranges
                0x000000a8       0xa0 PSFunctions.o
 .debug_aranges
                0x00000148       0x50 usart.o

.debug_pubnames
 *(.debug_pubnames)

.debug_info     0x00000000     0x4001
 *(.debug_info .gnu.linkonce.wi.*)
 .debug_info    0x00000000      0x74e AttendSysMain.o
 .debug_info    0x0000074e      0x337 lcd_CodeFile.o
 .debug_info    0x00000a85      0x136 PortInit.o
 .debug_info    0x00000bbb     0x316b PSFunctions.o
 .debug_info    0x00003d26      0x2db usart.o

.debug_abbrev   0x00000000      0x71b
 *(.debug_abbrev)
 .debug_abbrev  0x00000000      0x18e AttendSysMain.o
 .debug_abbrev  0x0000018e      0x19e lcd_CodeFile.o
 .debug_abbrev  0x0000032c       0xa3 PortInit.o
 .debug_abbrev  0x000003cf      0x22c PSFunctions.o
 .debug_abbrev  0x000005fb      0x120 usart.o

.debug_line     0x00000000      0xb43
 *(.debug_line .debug_line.* .debug_line_end)
 .debug_line    0x00000000      0x1e5 AttendSysMain.o
 .debug_line    0x000001e5      0x197 lcd_CodeFile.o
 .debug_line    0x0000037c       0xef PortInit.o
 .debug_line    0x0000046b      0x5a6 PSFunctions.o
 .debug_line    0x00000a11      0x132 usart.o

.debug_frame    0x00000000      0x4b4
 *(.debug_frame)
 .debug_frame   0x00000000       0x34 AttendSysMain.o
 .debug_frame   0x00000034       0x98 lcd_CodeFile.o
 .debug_frame   0x000000cc       0x54 PortInit.o
 .debug_frame   0x00000120      0x2b4 PSFunctions.o
 .debug_frame   0x000003d4       0xe0 usart.o

.debug_str      0x00000000      0x721
 *(.debug_str)
 .debug_str     0x00000000      0x2c9 AttendSysMain.o
                                0x30b (size before relaxing)
 .debug_str     0x000002c9       0x96 lcd_CodeFile.o
                                0x262 (size before relaxing)
 .debug_str     0x0000035f       0x33 PortInit.o
                                0x1dc (size before relaxing)
 .debug_str     0x00000392      0x2b6 PSFunctions.o
                                0x57b (size before relaxing)
 .debug_str     0x00000648       0xd9 usart.o
                                0x2c6 (size before relaxing)

.debug_loc      0x00000000     0x175f
 *(.debug_loc)
 .debug_loc     0x00000000      0x14d AttendSysMain.o
 .debug_loc     0x0000014d      0x1c2 lcd_CodeFile.o
 .debug_loc     0x0000030f     0x116f PSFunctions.o
 .debug_loc     0x0000147e      0x2e1 usart.o

.debug_macinfo
 *(.debug_macinfo)

.debug_weaknames
 *(.debug_weaknames)

.debug_funcnames
 *(.debug_funcnames)

.debug_typenames
 *(.debug_typenames)

.debug_varnames
 *(.debug_varnames)

.debug_pubtypes
 *(.debug_pubtypes)

.debug_ranges   0x00000000      0x250
 *(.debug_ranges)
 .debug_ranges  0x00000000       0x28 AttendSysMain.o
 .debug_ranges  0x00000028       0x40 lcd_CodeFile.o
 .debug_ranges  0x00000068       0x28 PortInit.o
 .debug_ranges  0x00000090      0x168 PSFunctions.o
 .debug_ranges  0x000001f8       0x58 usart.o

.debug_macro
 *(.debug_macro)
OUTPUT(AttendSysManagement.elf elf32-avr)
LOAD linker stubs
